// Jest Snapshot v1, https://goo.gl/fbAQLP

exports[`should delete an artist and all her albums 1`] = `[TypeError: Cannot read property 'Decimal128' of null]`;

exports[`should not save an empty artist 1`] = `[TypeError: Cannot read property 'Decimal128' of null]`;

exports[`should retrieve an artist 1`] = `[TypeError: Cannot read property 'Decimal128' of null]`;

exports[`should save new artist 1`] = `[TypeError: Cannot read property 'Decimal128' of null]`;
