// Jest Snapshot v1, https://goo.gl/fbAQLP

exports[`Graphql API should change the password 1`] = `
Object {
  "changePassword": Object {
    "error": null,
    "me": Object {
      "email": "delrey@email.com",
      "name": "Lana Del Rey",
    },
  },
}
`;

exports[`Graphql API should not login with wrong email 1`] = `
Object {
  "loginWithEmail": Object {
    "error": "Password or email are incorrect.",
    "token": null,
  },
}
`;

exports[`Graphql API should not login with wrong password 1`] = `
Object {
  "loginWithEmail": Object {
    "error": "Password or email are incorrect.",
    "token": null,
  },
}
`;
